STATUS,FILE,LOC,CST,SYMBOLS,TOKENS,ERRORS
FAIL,case_kw_instead_of_match_kw.mligo,-1,-1,-1,-1,-1
FAIL,extra_arrow_in_case_expr.mligo,-1,-1,-1,-1,-1
FAIL,extra_colon_in_return_type.mligo,-1,-1,-1,-1,-1
FAIL,extra_eq_in_func_decl.mligo,-1,-1,-1,-1,-1
FAIL,extra_in_kw.mligo,-1,-1,-1,-1,-1
FAIL,extra_then_kw.mligo,-1,-1,-1,-1,-1
FAIL,extra_vertical_bar.mligo,-1,-1,-1,-1,-1
FAIL,fun_kw_instead_of_let_kw.mligo,-1,-1,-1,-1,-1
FAIL,missing_argument_bracketR.mligo,-1,-1,-1,-1,-1
FAIL,missing_arrow_in_lambda_expr.mligo,-1,-1,-1,-1,-1
FAIL,missing_arrow_in_match_expr.mligo,-1,-1,-1,-1,-1
FAIL,missing_colon_in_list_pat.mligo,-1,-1,-1,-1,-1
FAIL,missing_comma_in_arguments.mligo,-1,-1,-1,-1,-1
FAIL,missing_curly_bracket_in_record_decl.mligo,-1,-1,-1,-1,-1
FAIL,missing_end_kw_in_the_nested_module.mligo,-1,-1,-1,-1,-1
FAIL,missing_eq_in_record_expr.mligo,-1,-1,-1,-1,-1
FAIL,missing_eq_in_type_decl.mligo,-1,-1,-1,-1,-1
FAIL,missing_expr_parenthesesL.mligo,-1,-1,-1,-1,-1
FAIL,missing_expr_parenthesesR.mligo,-1,-1,-1,-1,-1
FAIL,missing_ident_in_type_decl.mligo,-1,-1,-1,-1,-1
FAIL,missing_in_kw.mligo,-1,-1,-1,-1,-1
FAIL,missing_int.mligo,-1,-1,-1,-1,-1
FAIL,missing_module_kw_in_module_decl.mligo,-1,-1,-1,-1,-1
FAIL,missing_name_of_argument.mligo,-1,-1,-1,-1,-1
FAIL,missing_semicolon_in_record_decl.mligo,-1,-1,-1,-1,-1
FAIL,missing_struct_kw_in_module_decl.mligo,-1,-1,-1,-1,-1
FAIL,missing_then_kw.mligo,-1,-1,-1,-1,-1
FAIL,missing_vertical_bar.mligo,-1,-1,-1,-1,-1
FAIL,missing_with_kw_in_match_expr.mligo,-1,-1,-1,-1,-1
FAIL,typo_in_fun_kw.mligo,-1,-1,-1,-1,-1
FAIL,typo_in_match_kw.mligo,-1,-1,-1,-1,-1
FAIL,typo_in_with_kw_in_record_update.mligo,-1,-1,-1,-1,-1
FAIL,unfinished_code00.mligo,-1,-1,-1,-1,-1
FAIL,unfinished_code01.mligo,-1,-1,-1,-1,-1
FAIL,unfinished_code02.mligo,-1,-1,-1,-1,-1
FAIL,unfinished_code03.mligo,-1,-1,-1,-1,-1
FAIL,unfinished_code04.mligo,-1,-1,-1,-1,-1
FAIL,unfinished_code05.mligo,-1,-1,-1,-1,-1
FAIL,unfinished_code06.mligo,-1,-1,-1,-1,-1
FAIL,unfinished_code07.mligo,-1,-1,-1,-1,-1
FAIL,unfinished_code08.mligo,-1,-1,-1,-1,-1
FAIL,unfinished_code09.mligo,-1,-1,-1,-1,-1
FAIL,unfinished_code10.mligo,-1,-1,-1,-1,-1
FAIL,unfinished_code11.mligo,-1,-1,-1,-1,-1
FAIL,unfinished_code12.mligo,-1,-1,-1,-1,-1
FAIL,unfinished_code13.mligo,-1,-1,-1,-1,-1
FAIL,unreadable_symbol.mligo,-1,-1,-1,-1,-1
