STATUS,FILE,LOC,CST,SYMBOLS,TOKENS,ERRORS
PASS,16tuples_sequences_functions.jsligo,64,636,274,226,51
PASS,1assignment_operators.jsligo,125,776,196,269,37
PASS,1high-order.jsligo,44,359,359,2,38
PASS,1never.jsligo,15,177,91,110,15
PASS,2amount.jsligo,7,88,32,40,3
PASS,2bytes_unpack.jsligo,13,172,40,140,9
PASS,2counter.jsligo,10,91,29,53,4
PASS,2if_if_return.jsligo,5,48,12,57,2
PASS,2key_hash.jsligo,14,138,24,56,4
PASS,2local_type_decl.jsligo,5,106,8,38,2
PASS,2match_bis.jsligo,26,262,66,152,13
PASS,2super-counter.jsligo,9,184,36,111,9
PASS,4balance_constant.jsligo,11,107,107,2,10
PASS,4check_signature.jsligo,11,93,47,45,8
PASS,4if_if_return.jsligo,0,0,0,57,0
PASS,4lambda2.jsligo,8,90,54,60,10
PASS,4match.jsligo,12,174,42,110,10
PASS,4never.jsligo,14,180,108,110,17
PASS,4recursion.jsligo,11,112,112,2,15
PASS,8assert.jsligo,16,117,33,81,6
PASS,8eq_bool.jsligo,8,43,43,2,4
PASS,8recursion.jsligo,14,142,142,2,1
