STATUS,FILE,LOC,CST,SYMBOLS,TOKENS,ERRORS
FAIL,1annotated_michelson_record_tree.mligo,-1,-1,-1,-1,-1
FAIL,1condition.mligo,-1,-1,-1,-1,-1
FAIL,1incr_decr.mligo,-1,-1,-1,-1,-1
FAIL,1local_type_decl.mligo,-1,-1,-1,-1,-1
FAIL,1match_bis.mligo,-1,-1,-1,-1,-1
FAIL,1record.mligo,-1,-1,-1,-1,-1
FAIL,1ticket_builder.mligo,-1,-1,-1,-1,-1
FAIL,1ticket_wallet.mligo,-1,-1,-1,-1,-1
FAIL,1voting.mligo,-1,-1,-1,-1,-1
FAIL,2address.mligo,-1,-1,-1,-1,-1
FAIL,2annotated_michelson_record_comb.mligo,-1,-1,-1,-1,-1
FAIL,2let_destructuring.mligo,-1,-1,-1,-1,-1
FAIL,2let_multiple.mligo,-1,-1,-1,-1,-1
FAIL,2local_type_decl.mligo,-1,-1,-1,-1,-1
FAIL,2warning_unused.mligo,-1,-1,-1,-1,-1
FAIL,4assert.mligo,-1,-1,-1,-1,-1
FAIL,4check_signature.mligo,-1,-1,-1,-1,-1
FAIL,4fibo.mligo,-1,-1,-1,-1,-1
FAIL,4k.mligo,-1,-1,-1,-1,-1
FAIL,4michelson_or_tree.mligo,-1,-1,-1,-1,-1
FAIL,4super-counter.mligo,-1,-1,-1,-1,-1
FAIL,4ticket_wallet.mligo,-1,-1,-1,-1,-1
